<html>

    <code>

       // prec 5
       || Install DNS Server BIND, Configure DNS server ||
       Steps:- 
1) $ sudo apt update and $ sudo apt upgrade

2) sudo apt install bind9 bind9utils bind9-doc

3) named -v

4) $ sudo systemctl status bind9
If not running give this command 
$ sudo systemctl start bind9 
To enable it to run at boot time 
$ sudo systemctl enable bind9 

5)
$ sudo netstat -lnptu | grep named 
If netstat is not found give this command 
$ sudo apt install net-tools

6)the status of the BIND name server 
$ sudo rndc status

7)
$sudo nano etc/bind/named.conf.options
Add the following lines in the above file.
 
version "not currently available"; 
recursion no; 

querylog yes; 

allow-transfer { none; };

8)
$ sudo systemctl restart bind9 
$ sudo systemctl status bind9


    </code>

</html>
